// Jest Snapshot v1, https://goo.gl/fbAQLP

exports[`nested tags 1`] = `"<div class=\\"container\\"><div class=\\"row\\">hello, world!</div><h1 class=\\"title\\"><span class=\\"important\\">In the title</span></h1></div>"`;
