// Jest Snapshot v1, https://goo.gl/fbAQLP

exports[`TaskContainer - should work adding new task 1`] = `"<div class=\\"container\\"><div class=\\"row\\"><div class=\\"col-12\\"><form><div class=\\"form-group\\"><input type=\\"text\\" class=\\"form-control\\" placeholder=\\"Заголовок задачи...\\" value=\\"\\"></div><div class=\\"form-group\\"><input type=\\"text\\" class=\\"form-control\\" placeholder=\\"Текст задачи...\\" value=\\"\\"></div><button class=\\"btn btn-outline-secondary\\" type=\\"submit\\">Добавить задачу</button></form></div><div class=\\"col-12\\"><div class=\\"row\\"></div></div></div></div>"`;

exports[`TaskContainer - should work adding new task 2`] = `"<div class=\\"container\\"><div class=\\"row\\"><div class=\\"col-12\\"><form><div class=\\"form-group\\"><input type=\\"text\\" class=\\"form-control\\" placeholder=\\"Заголовок задачи...\\" value=\\"\\"></div><div class=\\"form-group\\"><input type=\\"text\\" class=\\"form-control\\" placeholder=\\"Текст задачи...\\" value=\\"\\"></div><button class=\\"btn btn-outline-secondary\\" type=\\"submit\\">Добавить задачу</button></form></div><div class=\\"col-12\\"><div class=\\"row\\"><div class=\\"col-3\\"><div class=\\"card m-2 text-white bg-primary\\"><div class=\\"card-header\\"><h3 class=\\"card-title\\">Hello, World!</h3></div><div class=\\"card-body\\"><p class=\\"card-text\\">This is my first task!</p></div><div class=\\"card-footer\\"><button type=\\"button\\" class=\\"btn btn-outline-light\\">Завершить задачу</button></div></div></div></div></div></div></div>"`;

exports[`TaskContainer - should work adding new task 3`] = `"<div class=\\"container\\"><div class=\\"row\\"><div class=\\"col-12\\"><form><div class=\\"form-group\\"><input type=\\"text\\" class=\\"form-control\\" placeholder=\\"Заголовок задачи...\\" value=\\"\\"></div><div class=\\"form-group\\"><input type=\\"text\\" class=\\"form-control\\" placeholder=\\"Текст задачи...\\" value=\\"\\"></div><button class=\\"btn btn-outline-secondary\\" type=\\"submit\\">Добавить задачу</button></form></div><div class=\\"col-12\\"><div class=\\"row\\"><div class=\\"col-3\\"><div class=\\"card m-2 text-white bg-primary\\"><div class=\\"card-header\\"><h3 class=\\"card-title\\">Second Task!!</h3></div><div class=\\"card-body\\"><p class=\\"card-text\\">This is my seconds task!</p></div><div class=\\"card-footer\\"><button type=\\"button\\" class=\\"btn btn-outline-light\\">Завершить задачу</button></div></div></div><div class=\\"col-3\\"><div class=\\"card m-2 text-white bg-primary\\"><div class=\\"card-header\\"><h3 class=\\"card-title\\">Hello, World!</h3></div><div class=\\"card-body\\"><p class=\\"card-text\\">This is my first task!</p></div><div class=\\"card-footer\\"><button type=\\"button\\" class=\\"btn btn-outline-light\\">Завершить задачу</button></div></div></div></div></div></div></div>"`;

exports[`TaskContainer - should work finishing task 1`] = `"<div class=\\"container\\"><div class=\\"row\\"><div class=\\"col-12\\"><form><div class=\\"form-group\\"><input type=\\"text\\" class=\\"form-control\\" placeholder=\\"Заголовок задачи...\\" value=\\"\\"></div><div class=\\"form-group\\"><input type=\\"text\\" class=\\"form-control\\" placeholder=\\"Текст задачи...\\" value=\\"\\"></div><button class=\\"btn btn-outline-secondary\\" type=\\"submit\\">Добавить задачу</button></form></div><div class=\\"col-12\\"><div class=\\"row\\"><div class=\\"col-3\\"><div class=\\"card m-2 text-white bg-danger\\"><div class=\\"card-header\\"><h3 class=\\"card-title\\">Second Task!!</h3></div><div class=\\"card-body\\"><p class=\\"card-text\\">This is my seconds task!</p></div><div class=\\"card-footer\\"><button type=\\"button\\" class=\\"btn btn-outline-light\\">Удалить задачу</button></div></div></div><div class=\\"col-3\\"><div class=\\"card m-2 text-white bg-primary\\"><div class=\\"card-header\\"><h3 class=\\"card-title\\">Hello, World!</h3></div><div class=\\"card-body\\"><p class=\\"card-text\\">This is my first task!</p></div><div class=\\"card-footer\\"><button type=\\"button\\" class=\\"btn btn-outline-light\\">Завершить задачу</button></div></div></div></div></div></div></div>"`;

exports[`TaskContainer - should work finishing task 2`] = `"<div class=\\"container\\"><div class=\\"row\\"><div class=\\"col-12\\"><form><div class=\\"form-group\\"><input type=\\"text\\" class=\\"form-control\\" placeholder=\\"Заголовок задачи...\\" value=\\"\\"></div><div class=\\"form-group\\"><input type=\\"text\\" class=\\"form-control\\" placeholder=\\"Текст задачи...\\" value=\\"\\"></div><button class=\\"btn btn-outline-secondary\\" type=\\"submit\\">Добавить задачу</button></form></div><div class=\\"col-12\\"><div class=\\"row\\"><div class=\\"col-3\\"><div class=\\"card m-2 text-white bg-danger\\"><div class=\\"card-header\\"><h3 class=\\"card-title\\">Second Task!!</h3></div><div class=\\"card-body\\"><p class=\\"card-text\\">This is my seconds task!</p></div><div class=\\"card-footer\\"><button type=\\"button\\" class=\\"btn btn-outline-light\\">Удалить задачу</button></div></div></div><div class=\\"col-3\\"><div class=\\"card m-2 text-white bg-danger\\"><div class=\\"card-header\\"><h3 class=\\"card-title\\">Hello, World!</h3></div><div class=\\"card-body\\"><p class=\\"card-text\\">This is my first task!</p></div><div class=\\"card-footer\\"><button type=\\"button\\" class=\\"btn btn-outline-light\\">Удалить задачу</button></div></div></div></div></div></div></div>"`;

exports[`TaskContainer - should work removing task 1`] = `"<div class=\\"container\\"><div class=\\"row\\"><div class=\\"col-12\\"><form><div class=\\"form-group\\"><input type=\\"text\\" class=\\"form-control\\" placeholder=\\"Заголовок задачи...\\" value=\\"\\"></div><div class=\\"form-group\\"><input type=\\"text\\" class=\\"form-control\\" placeholder=\\"Текст задачи...\\" value=\\"\\"></div><button class=\\"btn btn-outline-secondary\\" type=\\"submit\\">Добавить задачу</button></form></div><div class=\\"col-12\\"><div class=\\"row\\"><div class=\\"col-3\\"><div class=\\"card m-2 text-white bg-primary\\"><div class=\\"card-header\\"><h3 class=\\"card-title\\">Hello, World!</h3></div><div class=\\"card-body\\"><p class=\\"card-text\\">This is my first task!</p></div><div class=\\"card-footer\\"><button type=\\"button\\" class=\\"btn btn-outline-light\\">Завершить задачу</button></div></div></div></div></div></div></div>"`;

exports[`TaskContainer - should work removing task 2`] = `"<div class=\\"container\\"><div class=\\"row\\"><div class=\\"col-12\\"><form><div class=\\"form-group\\"><input type=\\"text\\" class=\\"form-control\\" placeholder=\\"Заголовок задачи...\\" value=\\"\\"></div><div class=\\"form-group\\"><input type=\\"text\\" class=\\"form-control\\" placeholder=\\"Текст задачи...\\" value=\\"\\"></div><button class=\\"btn btn-outline-secondary\\" type=\\"submit\\">Добавить задачу</button></form></div><div class=\\"col-12\\"><div class=\\"row\\"></div></div></div></div>"`;
