// Jest Snapshot v1, https://goo.gl/fbAQLP

exports[`nested tags with madeTag 1`] = `"<div id=\\"container\\"><div class=\\"row\\"><div class=\\"col\\"><img src=\\"path/to/file.png\\" /><br /></div><div class=\\"col\\"><h1 class=\\"title\\">Hello, World!</h1></div></div></div>"`;
